// Jest Snapshot v1, https://jestjs.io/docs/snapshot-testing

exports[`Probar la clase de Citas Agregar una nueva cita 1`] = `
Citas {
  "citas": [
    {
      "fecha": "10-12-2026",
      "hora": "10:30",
      "id": 1769065959548,
      "mascota": "Hulk",
      "propietario": "Angel",
      "sintomas": "Solo duerme",
      "telefono": "1234567890",
    },
  ],
}
`;
